Command: C:\Espressif\python_env\idf5.5_py3.13_env\Scripts\python.exe C:\Espressif\frameworks\esp-idf-v5.5.2-2\tools/idf_monitor.py -p COM5 -b 115200 --toolchain-prefix xtensa-esp32-elf- --target esp32 --revision 0 C:\Users\karth\OneDrive\Desktop\edge-ai-iot-monitor\firmware\build\iot_monitor.elf C:\Users\karth\OneDrive\Desktop\edge-ai-iot-monitor\firmware\build\edge-ai-iot-monitor.elf C:\Users\karth\OneDrive\Desktop\edge-ai-iot-monitor\firmware\build\bootloader\bootloader.elf --force-color -m 'C:\Espressif\python_env\idf5.5_py3.13_env\Scripts\python.exe' 'C:\Espressif\frameworks\esp-idf-v5.5.2-2\tools\idf.py'
 DIO
[0;32mI (40) boot.esp32:ï¿½ets Jul 29 2019 12:21:46[0m

rst:0x1 (POWERON_RESET),boot:0x13 (SPI_FAST_FLASH_BOOT)
configsip: 0, SPIWP:0xee
clk_drv:0x00,q_drv:0x00,d_drv:0x00,cs0_drv:0x00,hd_drv:0x00,wp_drv:0x00
mode:DIO, clock div:2
load:0x3fff0030,len:6384
load:0x40078000,len:15916
load:0x40080400,len:3920
entry 0x40080644
[0;32mI (27) boot: ESP-IDF v5.5.2-2-gf83622dfa-dirty 2nd stage bootloader[0m
[0;32mI (27) boot: compile time Feb  3 2026 20:56:52[0m
[0;32mI (28) boot: Multicore bootloader[0m
[0;32mI (30) boot: chip revision: v3.1[0m
[0;32mI (33) boot.esp32: SPI Speed      : 40MHz[0m
[0;32mI (37) boot.esp32: SPI Mode       : DIO[0m
[0;32mI (40) boot.esp32: SPI Flash Size : 2MB[0m
[0;32mI (44) boot: Enabling RNG early entropy source...[0m
[0;32mI (49) boot: Partition Table:[0m
[0;32mI (51) boot: ## Label            Usage          Type ST Offset   Length[0m
[0;32mI (57) boot:  0 nvs              WiFi data        01 02 00009000 00006000[0m
[0;32mI (64) boot:  1 phy_init         RF data          01 01 0000f000 00001000[0m
[0;32mI (71) boot:  2 factory          factory app      00 00 00010000 00100000[0m
[0;32mI (77) boot: End of partition table[0m
[0;32mI (80) esp_image: segment 0: paddr=00010020 vaddr=3f400020 size=1f618h (128536) map[0m
[0;32mI (132) esp_image: segment 1: paddr=0002f640 vaddr=3ffb0000 size=009d8h (  2520) load[0m
[0;32mI (133) esp_image: segment 2: paddr=00030020 vaddr=400d0020 size=a2944h (665924) map[0m
[0;32mI (363) esp_image: segment 3: paddr=000d296c vaddr=3ffb09d8 size=0358ch ( 13708) load[0m
[0;32mI (368) esp_image: segment 4: paddr=000d5f00 vaddr=40080000 size=192e8h (103144) load[0m
[0;32mI (409) esp_image: segment 5: paddr=000ef1f0 vaddr=50000000 size=00020h (    32) load[0m
[0;32mI (421) boot: Loaded app from partition at offset 0x10000[0m
[0;32mI (421) boot: Disabling RNG early entropy source...[0m
[0;32mI (432) cpu_start: Multicore app[0m
[0;32mI (440) cpu_start: GPIO 3 and 1 are used as console UART I/O pins[0m
[0;32mI (440) cpu_start: Pro cpu start user code[0m
[0;32mI (440) cpu_start: cpu freq: 160000000 Hz[0m
[0;32mI (442) app_init: Application information:[0m
[0;32mI (446) app_init: Project name:     iot_monitor[0m
[0;32mI (450) app_init: App version:      6498c78-dirty[0m
[0;32mI (455) app_init: Compile time:     Feb  7 2026 11:10:28[0m
[0;32mI (460) app_init: ELF file SHA256:  fe21d17ff...[0m
[0;32mI (464) app_init: ESP-IDF:          v5.5.2-2-gf83622dfa-dirty[0m
[0;32mI (469) efuse_init: Min chip rev:     v0.0[0m
[0;32mI (473) efuse_init: Max chip rev:     v3.99 [0m
[0;32mI (477) efuse_init: Chip rev:         v3.1[0m
[0;32mI (481) heap_init: Initializing. RAM available for dynamic allocation:[0m
[0;32mI (488) heap_init: At 3FFAE6E0 len 00001920 (6 KiB): DRAM[0m
[0;32mI (493) heap_init: At 3FFB8878 len 00027788 (157 KiB): DRAM[0m
[0;32mI (498) heap_init: At 3FFE0440 len 00003AE0 (14 KiB): D/IRAM[0m
[0;32mI (503) heap_init: At 3FFE4350 len 0001BCB0 (111 KiB): D/IRAM[0m
[0;32mI (509) heap_init: At 400992E8 len 00006D18 (27 KiB): IRAM[0m
[0;33mW (515) spi_flash: Detected boya flash chip but using generic driver. For optimal functionality, enable `SPI_FLASH_SUPPORT_BOYA_CHIP` in menuconfig[0m
[0;32mI (527) spi_flash: detected chip: generic[0m
[0;32mI (531) spi_flash: flash io: dio[0m
[0;33mW (533) spi_flash: Detected size(4096k) larger than the size in the binary image header(2048k). Using the size in the binary image header.[0m
[0;33mW (546) i2c: This driver is an old driver, please migrate your application code to adapt `driver/i2c_master.h`[0m
[0;32mI (556) main_task: Started on CPU0[0m
[0;32mI (566) main_task: Calling app_main()[0m
[0;32mI (586) IOT_FIRMWARE: MPU6050 Woken Up[0m
[0;32mI (606) wifi:wifi driver task: 3ffc0890, prio:23, stack:6656, core=0[0m
[0;32mI (616) wifi:wifi firmware version: ee91c8c[0m
[0;32mI (616) wifi:wifi certification version: v7.0[0m
[0;32mI (616) wifi:config NVS flash: enabled[0m
[0;32mI (616) wifi:config nano formatting: disabled[0m
[0;32mI (616) wifi:Init data frame dynamic rx buffer num: 32[0m
[0;32mI (626) wifi:Init static rx mgmt buffer num: 5[0m
[0;32mI (626) wifi:Init management short buffer num: 32[0m
[0;32mI (636) wifi:Init dynamic tx buffer num: 32[0m
[0;32mI (636) wifi:Init static rx buffer size: 1600[0m
[0;32mI (636) wifi:Init static rx buffer num: 10[0m
[0;32mI (646) wifi:Init dynamic rx buffer num: 32[0m
[0;32mI (646) wifi_init: rx ba win: 6[0m
[0;32mI (646) wifi_init: accept mbox: 6[0m
[0;32mI (656) wifi_init: tcpip mbox: 32[0m
[0;32mI (656) wifi_init: udp mbox: 6[0m
[0;32mI (656) wifi_init: tcp mbox: 6[0m
[0;32mI (666) wifi_init: tcp tx win: 5760[0m
[0;32mI (666) wifi_init: tcp rx win: 5760[0m
[0;32mI (666) wifi_init: tcp mss: 1440[0m
[0;32mI (676) wifi_init: WiFi IRAM OP enabled[0m
[0;32mI (676) wifi_init: WiFi RX IRAM OP enabled[0m
[0;33mW (676) wifi:Password length matches WPA2 standards, authmode threshold changes from OPEN to WPA2[0m
[0;32mI (686) phy_init: phy_version 4863,a3a4459,Oct 28 2025,14:30:06[0m
[0;33mW (696) phy_init: failed to load RF calibration data (0x1102), falling back to full calibration[0m
[0;32mI (776) phy_init: Saving new calibration data due to checksum failure or outdated calibration data, mode(2)[0m
[0;32mI (786) wifi:mode : sta (28:56:2f:77:a4:9c)[0m
[0;32mI (786) wifi:enable tsf[0m
[0;33mW (3206) IOT_FIRMWARE: Retrying WiFi...[0m
[0;33mW (5626) IOT_FIRMWARE: Retrying WiFi...[0m
[0;33mW (8036) IOT_FIRMWARE: Retrying WiFi...[0m
[0;33mW (10456) IOT_FIRMWARE: Retrying WiFi...[0m
[0;33mW (12866) IOT_FIRMWARE: Retrying WiFi...[0m
[0;33mW (15276) IOT_FIRMWARE: Retrying WiFi...[0m
[0;33mW (17696) IOT_FIRMWARE: Retrying WiFi...[0m
[0;33mW (20106) IOT_FIRMWARE: Retrying WiFi...[0m
[0;33mW (22526) IOT_FIRMWARE: Retrying WiFi...[0m
[0;33mW (24936) IOT_FIRMWARE: Retrying WiFi...[0m
[0;33mW (27346) IOT_FIRMWARE: Retrying WiFi...[0m
[0;33mW (29766) IOT_FIRMWARE: Retrying WiFi...[0m
[0;33mW (32176) IOT_FIRMWARE: Retrying WiFi...[0m
[0;33mW (34586) IOT_FIRMWARE: Retrying WiFi...[0m
[0;33mW (37006) IOT_FIRMWARE: Retrying WiFi...[0m
[0;33mW (39416) IOT_FIRMWARE: Retrying WiFi...[0m
[0;33mW (41836) IOT_FIRMWARE: Retrying WiFi...[0m
[0;33mW (44246) IOT_FIRMWARE: Retrying WiFi...[0m
[0;33mW (46656) IOT_FIRMWARE: Retrying WiFi...[0m
[0;33mW (49076) IOT_FIRMWARE: Retrying WiFi...[0m
[0;33mW (51486) IOT_FIRMWARE: Retrying WiFi...[0m
[0;33mW (53906) IOT_FIRMWARE: Retrying WiFi...[0m
[0;33mW (56316) IOT_FIRMWARE: Retrying WiFi...[0m
[0;33mW (58726) IOT_FIRMWARE: Retrying WiFi...[0m
[0;33mW (61146) IOT_FIRMWARE: Retrying WiFi...[0m
[0;33mW (63556) IOT_FIRMWARE: Retrying WiFi...[0m
[0;33mW (65976) IOT_FIRMWARE: Retrying WiFi...[0m
[0;33mW (68386) IOT_FIRMWARE: Retrying WiFi...[0m
[0;33mW (70796) IOT_FIRMWARE: Retrying WiFi...[0m
[0;33mW (73216) IOT_FIRMWARE: Retrying WiFi...[0m
[0;33mW (75626) IOT_FIRMWARE: Retrying WiFi...[0m
[0;33mW (78046) IOT_FIRMWARE: Retrying WiFi...[0m
[0;33mW (80456) IOT_FIRMWARE: Retrying WiFi...[0m
[0;33mW (82866) IOT_FIRMWARE: Retrying WiFi...[0m
[0;33mW (85286) IOT_FIRMWARE: Retrying WiFi...[0m
[0;33mW (87696) IOT_FIRMWARE: Retrying WiFi...[0m
[0;33mW (90116) IOT_FIRMWARE: Retrying WiFi...[0m
[0;33mW (92526) IOT_FIRMWARE: Retrying WiFi...[0m
[0;33mW (94936) IOT_FIRMWARE: Retrying WiFi...[0m
[0;33mW (97356) IOT_FIRMWARE: Retrying WiFi...[0m
[0;33mW (99766) IOT_FIRMWARE: Retrying WiFi...[0m
[0;33mW (102176) IOT_FIRMWARE: Retrying WiFi...[0m
[0;33mW (104596) IOT_FIRMWARE: Retrying WiFi...[0m
[0;33mW (107006) IOT_FIRMWARE: Retrying WiFi...[0m
[0;33mW (109426) IOT_FIRMWARE: Retrying WiFi...[0m
[0;33mW (111836) IOT_FIRMWARE: Retrying WiFi...[0m
[0;33mW (114246) IOT_FIRMWARE: Retrying WiFi...[0m
[0;33mW (116666) IOT_FIRMWARE: Retrying WiFi...[0m
[0;33mW (119076) IOT_FIRMWARE: Retrying WiFi...[0m
[0;33mW (121496) IOT_FIRMWARE: Retrying WiFi...[0m
[0;33mW (123906) IOT_FIRMWARE: Retrying WiFi...[0m
[0;33mW (126316) IOT_FIRMWARE: Retrying WiFi...[0m
[0;33mW (128736) IOT_FIRMWARE: Retrying WiFi...[0m
[0;33mW (131146) IOT_FIRMWARE: Retrying WiFi...[0m
[0;33mW (133566) IOT_FIRMWARE: Retrying WiFi...[0m
[0;33mW (135976) IOT_FIRMWARE: Retrying WiFi...[0m
[0;33mW (138386) IOT_FIRMWARE: Retrying WiFi...[0m
[0;33mW (140806) IOT_FIRMWARE: Retrying WiFi...[0m
[0;33mW (143216) IOT_FIRMWARE: Retrying WiFi...[0m
[0;33mW (145636) IOT_FIRMWARE: Retrying WiFi...[0m
[0;33mW (148046) IOT_FIRMWARE: Retrying WiFi...[0m
[0;33mW (150456) IOT_FIRMWARE: Retrying WiFi...[0m
[0;33mW (152876) IOT_FIRMWARE: Retrying WiFi...[0m
[0;33mW (155286) IOT_FIRMWARE: Retrying WiFi...[0m
[0;33mW (157696) IOT_FIRMWARE: Retrying WiFi...[0m
[0;33mW (160116) IOT_FIRMWARE: Retrying WiFi...[0m
[0;33mW (162526) IOT_FIRMWARE: Retrying WiFi...[0m
[0;33mW (164946) IOT_FIRMWARE: Retrying WiFi...[0m
[0;33mW (167356) IOT_FIRMWARE: Retrying WiFi...[0m
[0;33mW (169766) IOT_FIRMWARE: Retrying WiFi...[0m
[0;33mW (172186) IOT_FIRMWARE: Retrying WiFi...[0m
[0;33mW (174596) IOT_FIRMWARE: Retrying WiFi...[0m
[0;33mW (177016) IOT_FIRMWARE: Retrying WiFi...[0m
