Command: C:\Espressif\python_env\idf5.5_py3.13_env\Scripts\python.exe C:\Espressif\frameworks\esp-idf-v5.5.2-2\tools/idf_monitor.py -p COM5 -b 115200 --toolchain-prefix xtensa-esp32-elf- --target esp32 --revision 0 C:\Users\karth\OneDrive\Desktop\edge-ai-iot-monitor\firmware\build\iot_monitor.elf C:\Users\karth\OneDrive\Desktop\edge-ai-iot-monitor\firmware\build\edge-ai-iot-monitor.elf C:\Users\karth\OneDrive\Desktop\edge-ai-iot-monitor\firmware\build\bootloader\bootloader.elf --force-color -m 'C:\Espressif\python_env\idf5.5_py3.13_env\Scripts\python.exe' 'C:\Espressif\frameworks\esp-idf-v5.5.2-2\tools\idf.py' '-p' 'COM5'
e: DIO
[0;32mI (40) boot.esp32:ï¿½ets Jul 29 2019 12:21:46[0m

rst:0x1 (POWERON_RESET),boot:0x13 (SPI_FAST_FLASH_BOOT)
configsip: 0, SPIWP:0xee
clk_drv:0x00,q_drv:0x00,d_drv:0x00,cs0_drv:0x00,hd_drv:0x00,wp_drv:0x00
mode:DIO, clock div:2
load:0x3fff0030,len:6384
load:0x40078000,len:15916
load:0x40080400,len:3920
entry 0x40080644
[0;32mI (27) boot: ESP-IDF v5.5.2-2-gf83622dfa-dirty 2nd stage bootloader[0m
[0;32mI (27) boot: compile time Feb  3 2026 20:56:52[0m
[0;32mI (28) boot: Multicore bootloader[0m
[0;32mI (30) boot: chip revision: v3.1[0m
[0;32mI (33) boot.esp32: SPI Speed      : 40MHz[0m
[0;32mI (37) boot.esp32: SPI Mode       : DIO[0m
[0;32mI (40) boot.esp32: SPI Flash Size : 2MB[0m
[0;32mI (44) boot: Enabling RNG early entropy source...[0m
[0;32mI (49) boot: Partition Table:[0m
[0;32mI (51) boot: ## Label            Usage          Type ST Offset   Length[0m
[0;32mI (57) boot:  0 nvs              WiFi data        01 02 00009000 00006000[0m
[0;32mI (64) boot:  1 phy_init         RF data          01 01 0000f000 00001000[0m
[0;32mI (71) boot:  2 factory          factory app      00 00 00010000 00100000[0m
[0;32mI (77) boot: End of partition table[0m
[0;32mI (80) esp_image: segment 0: paddr=00010020 vaddr=3f400020 size=1f6c8h (128712) map[0m
[0;32mI (132) esp_image: segment 1: paddr=0002f6f0 vaddr=3ffb0000 size=00928h (  2344) load[0m
[0;32mI (133) esp_image: segment 2: paddr=00030020 vaddr=400d0020 size=a2c2ch (666668) map[0m
[0;32mI (363) esp_image: segment 3: paddr=000d2c54 vaddr=3ffb0928 size=0363ch ( 13884) load[0m
[0;32mI (369) esp_image: segment 4: paddr=000d6298 vaddr=40080000 size=192e8h (103144) load[0m
[0;32mI (409) esp_image: segment 5: paddr=000ef588 vaddr=50000000 size=00020h (    32) load[0m
[0;32mI (422) boot: Loaded app from partition at offset 0x10000[0m
[0;32mI (422) boot: Disabling RNG early entropy source...[0m
[0;32mI (432) cpu_start: Multicore app[0m
[0;32mI (440) cpu_start: GPIO 3 and 1 are used as console UART I/O pins[0m
[0;32mI (441) cpu_start: Pro cpu start user code[0m
[0;32mI (441) cpu_start: cpu freq: 160000000 Hz[0m
[0;32mI (443) app_init: Application information:[0m
[0;32mI (446) app_init: Project name:     iot_monitor[0m
[0;32mI (451) app_init: App version:      6498c78-dirty[0m
[0;32mI (455) app_init: Compile time:     Feb  7 2026 11:10:28[0m
[0;32mI (460) app_init: ELF file SHA256:  7973913e4...[0m
[0;32mI (464) app_init: ESP-IDF:          v5.5.2-2-gf83622dfa-dirty[0m
[0;32mI (470) efuse_init: Min chip rev:     v0.0[0m
[0;32mI (474) efuse_init: Max chip rev:     v3.99 [0m
[0;32mI (478) efuse_init: Chip rev:         v3.1[0m
[0;32mI (482) heap_init: Initializing. RAM available for dynamic allocation:[0m
[0;32mI (488) heap_init: At 3FFAE6E0 len 00001920 (6 KiB): DRAM[0m
[0;32mI (493) heap_init: At 3FFB8878 len 00027788 (157 KiB): DRAM[0m
[0;32mI (498) heap_init: At 3FFE0440 len 00003AE0 (14 KiB): D/IRAM[0m
[0;32mI (504) heap_init: At 3FFE4350 len 0001BCB0 (111 KiB): D/IRAM[0m
[0;32mI (509) heap_init: At 400992E8 len 00006D18 (27 KiB): IRAM[0m
[0;33mW (516) spi_flash: Detected boya flash chip but using generic driver. For optimal functionality, enable `SPI_FLASH_SUPPORT_BOYA_CHIP` in menuconfig[0m
[0;32mI (527) spi_flash: detected chip: generic[0m
[0;32mI (531) spi_flash: flash io: dio[0m
[0;33mW (534) spi_flash: Detected size(4096k) larger than the size in the binary image header(2048k). Using the size in the binary image header.[0m
[0;33mW (546) i2c: This driver is an old driver, please migrate your application code to adapt `driver/i2c_master.h`[0m
[0;32mI (557) main_task: Started on CPU0[0m
[0;32mI (567) main_task: Calling app_main()[0m
[0;32mI (587) IOT_FIRMWARE: Scanning I2C bus...[0m
[1;31mE (617) IOT_FIRMWARE: No I2C devices found! Check wiring.[0m
[0;32mI (617) IOT_FIRMWARE: MPU6050 Woken Up[0m
[0;32mI (627) wifi:wifi driver task: 3ffc0a3c, prio:23, stack:6656, core=0[0m
[0;32mI (637) wifi:wifi firmware version: ee91c8c[0m
[0;32mI (637) wifi:wifi certification version: v7.0[0m
[0;32mI (637) wifi:config NVS flash: enabled[0m
[0;32mI (637) wifi:config nano formatting: disabled[0m
[0;32mI (637) wifi:Init data frame dynamic rx buffer num: 32[0m
[0;32mI (647) wifi:Init static rx mgmt buffer num: 5[0m
[0;32mI (647) wifi:Init management short buffer num: 32[0m
[0;32mI (657) wifi:Init dynamic tx buffer num: 32[0m
[0;32mI (657) wifi:Init static rx buffer size: 1600[0m
[0;32mI (667) wifi:Init static rx buffer num: 10[0m
[0;32mI (667) wifi:Init dynamic rx buffer num: 32[0m
[0;32mI (667) wifi_init: rx ba win: 6[0m
[0;32mI (677) wifi_init: accept mbox: 6[0m
[0;32mI (677) wifi_init: tcpip mbox: 32[0m
[0;32mI (677) wifi_init: udp mbox: 6[0m
[0;32mI (677) wifi_init: tcp mbox: 6[0m
[0;32mI (687) wifi_init: tcp tx win: 5760[0m
[0;32mI (687) wifi_init: tcp rx win: 5760[0m
[0;32mI (687) wifi_init: tcp mss: 1440[0m
[0;32mI (697) wifi_init: WiFi IRAM OP enabled[0m
[0;32mI (697) wifi_init: WiFi RX IRAM OP enabled[0m
[0;33mW (707) wifi:Password length matches WPA2 standards, authmode threshold changes from OPEN to WPA2[0m
[0;32mI (707) phy_init: phy_version 4863,a3a4459,Oct 28 2025,14:30:06[0m
[0;32mI (797) wifi:mode : sta (28:56:2f:77:a4:9c)[0m
[0;32mI (797) wifi:enable tsf[0m
[0;32mI (807) wifi:new:<10,0>, old:<1,0>, ap:<255,255>, sta:<10,0>, prof:1, snd_ch_cfg:0x0[0m
[0;32mI (817) wifi:state: init -> auth (0xb0)[0m
[0;32mI (817) wifi:state: auth -> assoc (0x0)[0m
[0;32mI (827) wifi:state: assoc -> run (0x10)[0m
[0;32mI (937) wifi:connected with ACT_0E41_5G, aid = 4, channel 10, BW20, bssid = b2:19:21:aa:0e:41[0m
[0;32mI (937) wifi:security: WPA2-PSK, phy: bgn, rssi: -71[0m
[0;32mI (947) wifi:pm start, type: 1[0m

[0;32mI (947) wifi:dp: 1, bi: 102400, li: 3, scale listen interval from 307200 us to 307200 us[0m
[0;32mI (967) wifi:<ba-add>idx:0 (ifx:0, b2:19:21:aa:0e:41), tid:0, ssn:3, winSize:64[0m
[0;32mI (1017) wifi:AP's beacon interval = 102400 us, DTIM period = 1[0m
[0;32mI (3057) esp_netif_handlers: sta ip: 192.168.0.106, mask: 255.255.255.0, gw: 192.168.0.1[0m
[0;32mI (3057) IOT_FIRMWARE: Connected! IP: 192.168.0.106[0m
[1;31mE (3057) IOT_FIRMWARE: MPU6050 Read Failed[0m
[0;32mI (6017) IOT_FIRMWARE: Data Sent: {"temp":25.299999237060547,"hum":60.299999237060547,"accel_x":0,"accel_y":0}[0m
[1;31mE (8027) IOT_FIRMWARE: MPU6050 Read Failed[0m
[0;32mI (8107) IOT_FIRMWARE: Data Sent: {"temp":25.200000762939453,"hum":60.9000015258789,"accel_x":0,"accel_y":0}[0m
[1;31mE (10117) IOT_FIRMWARE: MPU6050 Read Failed[0m
[0;32mI (10577) IOT_FIRMWARE: Data Sent: {"temp":25,"hum":60.799999237060547,"accel_x":0,"accel_y":0}[0m
[1;31mE (12587) IOT_FIRMWARE: MPU6050 Read Failed[0m
[0;32mI (13137) IOT_FIRMWARE: Data Sent: {"temp":25.200000762939453,"hum":60.5999984741211,"accel_x":0,"accel_y":0}[0m
[1;31mE (15147) IOT_FIRMWARE: MPU6050 Read Failed[0m
[0;32mI (15607) IOT_FIRMWARE: Data Sent: {"temp":25.600000381469727,"hum":60.9000015258789,"accel_x":0,"accel_y":0}[0m
[1;31mE (17607) IOT_FIRMWARE: MPU6050 Read Failed[0m
[0;32mI (18027) IOT_FIRMWARE: Data Sent: {"temp":25.100000381469727,"hum":60.0999984741211,"accel_x":0,"accel_y":0}[0m
[1;31mE (20027) IOT_FIRMWARE: MPU6050 Read Failed[0m
[0;32mI (20587) IOT_FIRMWARE: Data Sent: {"temp":25.299999237060547,"hum":60.5,"accel_x":0,"accel_y":0}[0m
[1;31mE (22597) IOT_FIRMWARE: MPU6050 Read Failed[0m
[0;32mI (23767) IOT_FIRMWARE: Data Sent: {"temp":25.799999237060547,"hum":60.299999237060547,"accel_x":0,"accel_y":0}[0m
[1;31mE (25767) IOT_FIRMWARE: MPU6050 Read Failed[0m
[0;32mI (26227) IOT_FIRMWARE: Data Sent: {"temp":25,"hum":60.5999984741211,"accel_x":0,"accel_y":0}[0m
[1;31mE (28237) IOT_FIRMWARE: MPU6050 Read Failed[0m
[0;32mI (29087) IOT_FIRMWARE: Data Sent: {"temp":25.899999618530273,"hum":60.200000762939453,"accel_x":0,"accel_y":0}[0m
[1;31mE (31097) IOT_FIRMWARE: MPU6050 Read Failed[0m
[0;32mI (31557) IOT_FIRMWARE: Data Sent: {"temp":25.700000762939453,"hum":60.700000762939453,"accel_x":0,"accel_y":0}[0m
[1;31mE (33567) IOT_FIRMWARE: MPU6050 Read Failed[0m
[0;32mI (33707) IOT_FIRMWARE: Data Sent: {"temp":25.200000762939453,"hum":60.799999237060547,"accel_x":0,"accel_y":0}[0m
[1;31mE (35707) IOT_FIRMWARE: MPU6050 Read Failed[0m
[0;32mI (36177) IOT_FIRMWARE: Data Sent: {"temp":25,"hum":60.299999237060547,"accel_x":0,"accel_y":0}[0m
[1;31mE (38187) IOT_FIRMWARE: MPU6050 Read Failed[0m
[0;32mI (38817) IOT_FIRMWARE: Data Sent: {"temp":25.899999618530273,"hum":60.200000762939453,"accel_x":0,"accel_y":0}[0m
[1;31mE (40817) IOT_FIRMWARE: MPU6050 Read Failed[0m
[0;32mI (41287) IOT_FIRMWARE: Data Sent: {"temp":25.399999618530273,"hum":60.9000015258789,"accel_x":0,"accel_y":0}[0m
[1;31mE (43297) IOT_FIRMWARE: MPU6050 Read Failed[0m
[0;32mI (44137) IOT_FIRMWARE: Data Sent: {"temp":25.100000381469727,"hum":60.700000762939453,"accel_x":0,"accel_y":0}[0m
[1;31mE (46147) IOT_FIRMWARE: MPU6050 Read Failed[0m
[0;32mI (46807) IOT_FIRMWARE: Data Sent: {"temp":25,"hum":60.4000015258789,"accel_x":0,"accel_y":0}[0m
[1;31mE (48807) IOT_FIRMWARE: MPU6050 Read Failed[0m
[0;32mI (49257) IOT_FIRMWARE: Data Sent: {"temp":25.5,"hum":60,"accel_x":0,"accel_y":0}[0m
ets Jul 29 2019 12:21:46

rst:0x1 (POWERON_RESET),boot:0x13 (SPI_FAST_FLASH_BOOT)
configsip: 0, SPIWP:0xee
clk_drv:0x00,q_drv:0x00,d_drv:0x00,cs0_drv:0x00,hd_drv:0x00,wp_drv:0x00
mode:DIO, clock div:2
load:0x3fff0030,len:6384
load:0x40078000,len:15916
load:0x40080400,len:3920
entry 0x40080644
[0;32mI (27) boot: ESP-IDF v5.5.2-2-gf83622dfa-dirty 2nd stage bootloader[0m
[0;32mI (27) boot: compile time Feb  3 2026 20:56:52[0m
[0;32mI (28) boot: Multicore bootloader[0m
[0;32mI (30) boot: chip revision: v3.1[0m
[0;32mI (33) boot.esp32: SPI Speed      : 40MHz[0m
[0;32mI (37) boot.esp32: SPI Mode       : DIO[0m
[0;32mI (40) boot.esp32: SPI Flash Size : 2MB[0m
[0;32mI (44) boot: Enabling RNG early entropy source...[0m
[0;32mI (49) boot: Partition Table:[0m
[0;32mI (51) boot: ## Label            Usage          Type ST Offset   Length[0m
[0;32mI (57) boot:  0 nvs              WiFi data        01 02 00009000 00006000[0m
[0;32mI (64) boot:  1 phy_init         RF data          01 01 0000f000 00001000[0m
[0;32mI (71) boot:  2 factory          factory app      00 00 00010000 00100000[0m
[0;32mI (77) boot: End of partition table[0m
[0;32mI (80) esp_image: segment 0: paddr=00010020 vaddr=3f400020 size=1f6c8h (128712) map[0m
[0;32mI (132) esp_image: segment 1: paddr=0002f6f0 vaddr=3ffb0000 size=00928h (  2344) load[0m
[0;32mI (133) esp_image: segment 2: paddr=00030020 vaddr=400d0020 size=a2c2ch (666668) map[0m
[0;32mI (363) esp_image: segment 3: paddr=000d2c54 vaddr=3ffb0928 size=0363ch ( 13884) load[0m
[0;32mI (369) esp_image: segment 4: paddr=000d6298 vaddr=40080000 size=192e8h (103144) load[0m
[0;32mI (409) esp_image: segment 5: paddr=000ef588 vaddr=50000000 size=00020h (    32) load[0m
[0;32mI (422) boot: Loaded app from partition at offset 0x10000[0m
[0;32mI (422) boot: Disabling RNG early entropy source...[0m
[0;32mI (432) cpu_start: Multicore app[0m
[0;32mI (440) cpu_start: GPIO 3 and 1 are used as console UART I/O pins[0m
[0;32mI (441) cpu_start: Pro cpu start user code[0m
[0;32mI (441) cpu_start: cpu freq: 160000000 Hz[0m
[0;32mI (443) app_init: Application information:[0m
[0;32mI (446) app_init: Project name:     iot_monitor[0m
[0;32mI (451) app_init: App version:      6498c78-dirty[0m
[0;32mI (455) app_init: Compile time:     Feb  7 2026 11:10:28[0m
[0;32mI (460) app_init: ELF file SHA256:  7973913e4...[0m
[0;32mI (464) app_init: ESP-IDF:          v5.5.2-2-gf83622dfa-dirty[0m
[0;32mI (470) efuse_init: Min chip rev:     v0.0[0m
[0;32mI (474) efuse_init: Max chip rev:     v3.99 [0m
[0;32mI (478) efuse_init: Chip rev:         v3.1[0m
[0;32mI (482) heap_init: Initializing. RAM available for dynamic allocation:[0m
[0;32mI (488) heap_init: At 3FFAE6E0 len 00001920 (6 KiB): DRAM[0m
[0;32mI (493) heap_init: At 3FFB8878 len 00027788 (157 KiB): DRAM[0m
[0;32mI (498) heap_init: At 3FFE0440 len 00003AE0 (14 KiB): D/IRAM[0m
[0;32mI (504) heap_init: At 3FFE4350 len 0001BCB0 (111 KiB): D/IRAM[0m
[0;32mI (509) heap_init: At 400992E8 len 00006D18 (27 KiB): IRAM[0m
[0;33mW (516) spi_flash: Detected boya flash chip but using generic driver. For optimal functionality, enable `SPI_FLASH_SUPPORT_BOYA_CHIP` in menuconfig[0m
[0;32mI (527) spi_flash: detected chip: generic[0m
[0;32mI (531) spi_flash: flash io: dio[0m
[0;33mW (534) spi_flash: Detected size(4096k) larger than the size in the binary image header(2048k). Using the size in the binary image header.[0m
[0;33mW (546) i2c: This driver is an old driver, please migrate your application code to adapt `driver/i2c_master.h`[0m
[0;32mI (557) main_task: Started on CPU0[0m
[0;32mI (567) main_task: Calling app_main()[0m
[0;32mI (587) IOT_FIRMWARE: Scanning I2C bus...[0m
[1;31mE (617) IOT_FIRMWARE: No I2C devices found! Check wiring.[0m
[0;32mI (617) IOT_FIRMWARE: MPU6050 Woken Up[0m
[0;32mI (627) wifi:wifi driver task: 3ffc0a3c, prio:23, stack:6656, core=0[0m
[0;32mI (637) wifi:wifi firmware version: ee91c8c[0m
[0;32mI (637) wifi:wifi certification version: v7.0[0m
[0;32mI (637) wifi:config NVS flash: enabled[0m
[0;32mI (637) wifi:config nano formatting: disabled[0m
[0;32mI (637) wifi:Init data frame dynamic rx buffer num: 32[0m
[0;32mI (647) wifi:Init static rx mgmt buffer num: 5[0m
[0;32mI (647) wifi:Init management short buffer num: 32[0m
[0;32mI (657) wifi:Init dynamic tx buffer num: 32[0m
[0;32mI (657) wifi:Init static rx buffer size: 1600[0m
[0;32mI (667) wifi:Init static rx buffer num: 10[0m
[0;32mI (667) wifi:Init dynamic rx buffer num: 32[0m
[0;32mI (667) wifi_init: rx ba win: 6[0m
[0;32mI (677) wifi_init: accept mbox: 6[0m
[0;32mI (677) wifi_init: tcpip mbox: 32[0m
[0;32mI (677) wifi_init: udp mbox: 6[0m
[0;32mI (677) wifi_init: tcp mbox: 6[0m
[0;32mI (687) wifi_init: tcp tx win: 5760[0m
[0;32mI (687) wifi_init: tcp rx win: 5760[0m
[0;32mI (687) wifi_init: tcp mss: 1440[0m
[0;32mI (697) wifi_init: WiFi IRAM OP enabled[0m
[0;32mI (697) wifi_init: WiFi RX IRAM OP enabled[0m
[0;33mW (707) wifi:Password length matches WPA2 standards, authmode threshold changes from OPEN to WPA2[0m
[0;32mI (707) phy_init: phy_version 4863,a3a4459,Oct 28 2025,14:30:06[0m
[0;32mI (797) wifi:mode : sta (28:56:2f:77:a4:9c)[0m
[0;32mI (797) wifi:enable tsf[0m
[0;32mI (807) wifi:new:<10,0>, old:<1,0>, ap:<255,255>, sta:<10,0>, prof:1, snd_ch_cfg:0x0[0m
[0;32mI (817) wifi:state: init -> auth (0xb0)[0m
[0;32mI (817) wifi:state: auth -> assoc (0x0)[0m
[0;32mI (827) wifi:state: assoc -> run (0x10)[0m
[0;32mI (937) wifi:connected with ACT_0E41_5G, aid = 4, channel 10, BW20, bssid = b2:19:21:aa:0e:41[0m
[0;32mI (937) wifi:security: WPA2-PSK, phy: bgn, rssi: -65[0m
[0;32mI (947) wifi:pm start, type: 1[0m

[0;32mI (947) wifi:dp: 1, bi: 102400, li: 3, scale listen interval from 307200 us to 307200 us[0m
[0;32mI (967) wifi:<ba-add>idx:0 (ifx:0, b2:19:21:aa:0e:41), tid:0, ssn:2, winSize:64[0m
[0;32mI (1027) wifi:AP's beacon interval = 102400 us, DTIM period = 1[0m
[0;32mI (2477) esp_netif_handlers: sta ip: 192.168.0.106, mask: 255.255.255.0, gw: 192.168.0.1[0m
[0;32mI (2477) IOT_FIRMWARE: Connected! IP: 192.168.0.106[0m
[1;31mE (2477) IOT_FIRMWARE: MPU6050 Read Failed[0m
[0;32mI (5257) IOT_FIRMWARE: Data Sent: {"temp":25.299999237060547,"hum":60.299999237060547,"accel_x":0,"accel_y":0}[0m
[1;31mE (7257) IOT_FIRMWARE: MPU6050 Read Failed[0m
ets Jul 29 2019 12:21:46

rst:0x1 (POWERON_RESET),boot:0x13 (SPI_FAST_FLASH_BOOT)
configsip: 0, SPIWP:0xee
clk_drv:0x00,q_drv:0x00,d_drv:0x00,cs0_drv:0x00,hd_drv:0x00,wp_drv:0x00
mode:DIO, clock div:2
load:0x3fff0030,len:6384
load:0x40078000,len:15916
load:0x40080400,len:3920
entry 0x40080644
[0;32mI (27) boot: ESP-IDF v5.5.2-2-gf83622dfa-dirty 2nd stage bootloader[0m
[0;32mI (27) boot: compile time Feb  3 2026 20:56:52[0m
[0;32mI (28) boot: Multicore bootloader[0m
[0;32mI (30) boot: chip revision: v3.1[0m
[0;32mI (33) boot.esp32: SPI Speed      : 40MHz[0m
[0;32mI (37) boot.esp32: SPI Mode       : DIO[0m
[0;32mI (40) boot.esp32: SPI Flash Size : 2MB[0m
[0;32mI (44) boot: Enabling RNG early entropy source...[0m
[0;32mI (49) boot: Partition Table:[0m
[0;32mI (51) boot: ## Label            Usage          Type ST Offset   Length[0m
[0;32mI (57) boot:  0 nvs              WiFi data        01 02 00009000 00006000[0m
[0;32mI (64) boot:  1 phy_init         RF data          01 01 0000f000 00001000[0m
[0;32mI (71) boot:  2 factory          factory app      00 00 00010000 00100000[0m
[0;32mI (77) boot: End of partition table[0m
[0;32mI (80) esp_image: segment 0: paddr=00010020 vaddr=3f400020 size=1f6c8h (128712) map[0m
[0;32mI (132) esp_image: segment 1: paddr=0002f6f0 vaddr=3ffb0000 size=00928h (  2344) load[0m
[0;32mI (133) esp_image: segment 2: paddr=00030020 vaddr=400d0020 size=a2c2ch (666668) map[0m
[0;32mI (363) esp_image: segment 3: paddr=000d2c54 vaddr=3ffb0928 size=0363ch ( 13884) load[0m
[0;32mI (369) esp_image: segment 4: paddr=000d6298 vaddr=40080000 size=192e8h (103144) load[0m
[0;32mI (409) esp_image: segment 5: paddr=000ef588 vaddr=50000000 size=00020h (    32) load[0m
[0;32mI (422) boot: Loaded app from partition at offset 0x10000[0m
[0;32mI (422) boot: Disabling RNG early entropy source...[0m
[0;32mI (432) cpu_start: Multicore app[0m
[0;32mI (440) cpu_start: GPIO 3 and 1 are used as console UART I/O pins[0m
[0;32mI (441) cpu_start: Pro cpu start user code[0m
[0;32mI (441) cpu_start: cpu freq: 160000000 Hz[0m
[0;32mI (443) app_init: Application information:[0m
[0;32mI (446) app_init: Project name:     iot_monitor[0m
[0;32mI (451) app_init: App version:      6498c78-dirty[0m
[0;32mI (455) app_init: Compile time:     Feb  7 2026 11:10:28[0m
[0;32mI (460) app_init: ELF file SHA256:  7973913e4...[0m
[0;32mI (464) app_init: ESP-IDF:          v5.5.2-2-gf83622dfa-dirty[0m
[0;32mI (470) efuse_init: Min chip rev:     v0.0[0m
[0;32mI (474) efuse_init: Max chip rev:     v3.99 [0m
[0;32mI (478) efuse_init: Chip rev:         v3.1[0m
[0;32mI (482) heap_init: Initializing. RAM available for dynamic allocation:[0m
[0;32mI (488) heap_init: At 3FFAE6E0 len 00001920 (6 KiB): DRAM[0m
[0;32mI (493) heap_init: At 3FFB8878 len 00027788 (157 KiB): DRAM[0m
[0;32mI (498) heap_init: At 3FFE0440 len 00003AE0 (14 KiB): D/IRAM[0m
[0;32mI (504) heap_init: At 3FFE4350 len 0001BCB0 (111 KiB): D/IRAM[0m
[0;32mI (509) heap_init: At 400992E8 len 00006D18 (27 KiB): IRAM[0m
[0;33mW (516) spi_flash: Detected boya flash chip but using generic driver. For optimal functionality, enable `SPI_FLASH_SUPPORT_BOYA_CHIP` in menuconfig[0m
[0;32mI (527) spi_flash: detected chip: generic[0m
[0;32mI (531) spi_flash: flash io: dio[0m
[0;33mW (534) spi_flash: Detected size(4096k) larger than the size in the binary image header(2048k). Using the size in the binary image header.[0m
[0;33mW (546) i2c: This driver is an old driver, please migrate your application code to adapt `driver/i2c_master.h`[0m
[0;32mI (557) main_task: Started on CPU0[0m
[0;32mI (567) main_task: Calling app_main()[0m
[0;32mI (587) IOT_FIRMWARE: Scanning I2C bus...[0m
[1;31mE (617) IOT_FIRMWARE: No I2C devices found! Check wiring.[0m
[0;32mI (617) IOT_FIRMWARE: MPU6050 Woken Up[0m
[0;32mI (627) wifi:wifi driver task: 3ffc0a3c, prio:23, stack:6656, core=0[0m
[0;32mI (637) wifi:wifi firmware version: ee91c8c[0m
[0;32mI (637) wifi:wifi certification version: v7.0[0m
[0;32mI (637) wifi:config NVS flash: enabled[0m
[0;32mI (637) wifi:config nano formatting: disabled[0m
[0;32mI (637) wifi:Init data frame dynamic rx buffer num: 32[0m
[0;32mI (647) wifi:Init static rx mgmt buffer num: 5[0m
[0;32mI (647) wifi:Init management short buffer num: 32[0m
[0;32mI (657) wifi:Init dynamic tx buffer num: 32[0m
[0;32mI (657) wifi:Init static rx buffer size: 1600[0m
[0;32mI (667) wifi:Init static rx buffer num: 10[0m
[0;32mI (667) wifi:Init dynamic rx buffer num: 32[0m
[0;32mI (667) wifi_init: rx ba win: 6[0m
[0;32mI (677) wifi_init: accept mbox: 6[0m
[0;32mI (677) wifi_init: tcpip mbox: 32[0m
[0;32mI (677) wifi_init: udp mbox: 6[0m
[0;32mI (677) wifi_init: tcp mbox: 6[0m
[0;32mI (687) wifi_init: tcp tx win: 5760[0m
[0;32mI (687) wifi_init: tcp rx win: 5760[0m
[0;32mI (687) wifi_init: tcp mss: 1440[0m
[0;32mI (697) wifi_init: WiFi IRAM OP enabled[0m
[0;32mI (697) wifi_init: WiFi RX IRAM OP enabled[0m
[0;33mW (707) wifi:Password length matches WPA2 standards, authmode threshold changes from OPEN to WPA2[0m
[0;32mI (707) phy_init: phy_version 4863,a3a4459,Oct 28 2025,14:30:06[0m
[0;32mI (797) wifi:mode : sta (28:56:2f:77:a4:9c)[0m
[0;32mI (797) wifi:enable tsf[0m
[0;32mI (817) wifi:new:<10,0>, old:<1,0>, ap:<255,255>, sta:<10,0>, prof:1, snd_ch_cfg:0x0[0m
[0;32mI (827) wifi:state: init -> auth (0xb0)[0m
[0;32mI (907) wifi:state: auth -> assoc (0x0)[0m
[0;32mI (937) wifi:state: assoc -> run (0x10)[0m
[0;32mI (1047) wifi:connected with ACT_0E41_5G, aid = 4, channel 10, BW20, bssid = b2:19:21:aa:0e:41[0m
[0;32mI (1047) wifi:security: WPA2-PSK, phy: bgn, rssi: -83[0m
[0;32mI (1057) wifi:pm start, type: 1[0m

[0;32mI (1057) wifi:dp: 1, bi: 102400, li: 3, scale listen interval from 307200 us to 307200 us[0m
[0;32mI (1077) wifi:<ba-add>idx:0 (ifx:0, b2:19:21:aa:0e:41), tid:0, ssn:2, winSize:64[0m
[0;32mI (1127) wifi:AP's beacon interval = 102400 us, DTIM period = 1[0m
[0;32mI (2587) esp_netif_handlers: sta ip: 192.168.0.106, mask: 255.255.255.0, gw: 192.168.0.1[0m
[0;32mI (2587) IOT_FIRMWARE: Connected! IP: 192.168.0.106[0m
[1;31mE (2587) IOT_FIRMWARE: MPU6050 Read Failed[0m
[0;32mI (4007) IOT_FIRMWARE: Data Sent: {"temp":25.299999237060547,"hum":60.299999237060547,"accel_x":0,"accel_y":0}[0m
[1;31mE (6017) IOT_FIRMWARE: MPU6050 Read Failed[0m
[0;32mI (6677) IOT_FIRMWARE: Data Sent: {"temp":25.200000762939453,"hum":60.9000015258789,"accel_x":0,"accel_y":0}[0m
[1;31mE (8677) IOT_FIRMWARE: MPU6050 Read Failed[0m
[0;32mI (9247) IOT_FIRMWARE: Data Sent: {"temp":25,"hum":60.799999237060547,"accel_x":0,"accel_y":0}[0m
[1;31mE (11247) IOT_FIRMWARE: MPU6050 Read Failed[0m
[0;32mI (11717) IOT_FIRMWARE: Data Sent: {"temp":25.200000762939453,"hum":60.5999984741211,"accel_x":0,"accel_y":0}[0m
[1;31mE (13727) IOT_FIRMWARE: MPU6050 Read Failed[0m
[0;32mI (14447) IOT_FIRMWARE: Data Sent: {"temp":25.600000381469727,"hum":60.9000015258789,"accel_x":0,"accel_y":0}[0m
[1;31mE (16457) IOT_FIRMWARE: MPU6050 Read Failed[0m
[0;32mI (17207) IOT_FIRMWARE: Data Sent: {"temp":25.100000381469727,"hum":60.0999984741211,"accel_x":0,"accel_y":0}[0m
[0;32mI (19667) IOT_FIRMWARE: Data Sent: {"temp":25.299999237060547,"hum":60.5,"accel_x":0,"accel_y":0}[0m
[1;31mE (21677) IOT_FIRMWARE: MPU6050 Read Failed[0m
[0;32mI (22437) IOT_FIRMWARE: Data Sent: {"temp":25.799999237060547,"hum":60.299999237060547,"accel_x":0,"accel_y":0}[0m
[1;31mE (24437) IOT_FIRMWARE: MPU6050 Read Failed[0m
[0;32mI (26527) IOT_FIRMWARE: Data Sent: {"temp":25,"hum":60.5999984741211,"accel_x":0,"accel_y":0}[0m
[1;31mE (28537) IOT_FIRMWARE: MPU6050 Read Failed[0m
[0;32mI (29597) IOT_FIRMWARE: Data Sent: {"temp":25.899999618530273,"hum":60.200000762939453,"accel_x":0,"accel_y":0}[0m
[0;32mI (32067) IOT_FIRMWARE: Data Sent: {"temp":25.700000762939453,"hum":60.700000762939453,"accel_x":0,"accel_y":0}[0m
[0;32mI (34237) IOT_FIRMWARE: Data Sent: {"temp":25.200000762939453,"hum":60.799999237060547,"accel_x":0,"accel_y":0}[0m
[0;32mI (36967) IOT_FIRMWARE: Data Sent: {"temp":25,"hum":60.299999237060547,"accel_x":0,"accel_y":0}[0m
[0;32mI (39567) IOT_FIRMWARE: Data Sent: {"temp":25.899999618530273,"hum":60.200000762939453,"accel_x":0,"accel_y":0}[0m
[0;32mI (42607) IOT_FIRMWARE: Data Sent: {"temp":25.399999618530273,"hum":60.9000015258789,"accel_x":0,"accel_y":0}[0m
[1;31mE (44607) IOT_FIRMWARE: MPU6050 Read Failed[0m
[0;32mI (45167) IOT_FIRMWARE: Data Sent: {"temp":25.100000381469727,"hum":60.700000762939453,"accel_x":0,"accel_y":0}[0m
[1;31mE (47167) IOT_FIRMWARE: MPU6050 Read Failed[0m
[0;32mI (47627) IOT_FIRMWARE: Data Sent: {"temp":25,"hum":60.4000015258789,"accel_x":0,"accel_y":0}[0m
[1;31mE (49627) IOT_FIRMWARE: MPU6050 Read Failed[0m
[0;32mI (49997) IOT_FIRMWARE: Data Sent: {"temp":25.5,"hum":60,"accel_x":0,"accel_y":0}[0m
[1;31mE (51997) IOT_FIRMWARE: MPU6050 Read Failed[0m
[0;32mI (52637) IOT_FIRMWARE: Data Sent: {"temp":25.399999618530273,"hum":60,"accel_x":0,"accel_y":0}[0m
[1;31mE (54647) IOT_FIRMWARE: MPU6050 Read Failed[0m
[0;32mI (55507) IOT_FIRMWARE: Data Sent: {"temp":25.200000762939453,"hum":60.4000015258789,"accel_x":0,"accel_y":0}[0m
[1;31mE (57507) IOT_FIRMWARE: MPU6050 Read Failed[0m
[0;32mI (58277) IOT_FIRMWARE: Data Sent: {"temp":25.299999237060547,"hum":60.0999984741211,"accel_x":0,"accel_y":0}[0m
[1;31mE (60277) IOT_FIRMWARE: MPU6050 Read Failed[0m
[0;32mI (60947) IOT_FIRMWARE: Data Sent: {"temp":25,"hum":60.5999984741211,"accel_x":0,"accel_y":0}[0m
[1;31mE (62957) IOT_FIRMWARE: MPU6050 Read Failed[0m
[0;32mI (64207) IOT_FIRMWARE: Data Sent: {"temp":25.600000381469727,"hum":60.0999984741211,"accel_x":0,"accel_y":0}[0m
[1;31mE (66217) IOT_FIRMWARE: MPU6050 Read Failed[0m
[0;32mI (66667) IOT_FIRMWARE: Data Sent: {"temp":25.899999618530273,"hum":60.700000762939453,"accel_x":0,"accel_y":0}[0m
[1;31mE (68677) IOT_FIRMWARE: MPU6050 Read Failed[0m
[0;32mI (69277) IOT_FIRMWARE: Data Sent: {"temp":25.5,"hum":60.0999984741211,"accel_x":0,"accel_y":0}[0m
[1;31mE (71277) IOT_FIRMWARE: MPU6050 Read Failed[0m
[0;32mI (71997) IOT_FIRMWARE: Data Sent: {"temp":25,"hum":60.4000015258789,"accel_x":0,"accel_y":0}[0m
[1;31mE (73997) IOT_FIRMWARE: MPU6050 Read Failed[0m
[0;32mI (74557) IOT_FIRMWARE: Data Sent: {"temp":25.399999618530273,"hum":60.5,"accel_x":0,"accel_y":0}[0m
[1;31mE (76557) IOT_FIRMWARE: MPU6050 Read Failed[0m
[0;32mI (77327) IOT_FIRMWARE: Data Sent: {"temp":25.899999618530273,"hum":60,"accel_x":0,"accel_y":0}[0m
[1;31mE (79327) IOT_FIRMWARE: MPU6050 Read Failed[0m
[0;32mI (79577) IOT_FIRMWARE: Data Sent: {"temp":25.700000762939453,"hum":60.5999984741211,"accel_x":0,"accel_y":0}[0m
[1;31mE (81587) IOT_FIRMWARE: MPU6050 Read Failed[0m
[0;32mI (82237) IOT_FIRMWARE: Data Sent: {"temp":25.299999237060547,"hum":60.4000015258789,"accel_x":0,"accel_y":0}[0m
[1;31mE (84237) IOT_FIRMWARE: MPU6050 Read Failed[0m
[0;32mI (84587) IOT_FIRMWARE: Data Sent: {"temp":25.399999618530273,"hum":60,"accel_x":0,"accel_y":0}[0m
[1;31mE (86597) IOT_FIRMWARE: MPU6050 Read Failed[0m
[0;32mI (87247) IOT_FIRMWARE: Data Sent: {"temp":25.899999618530273,"hum":60,"accel_x":0,"accel_y":0}[0m
[1;31mE (89257) IOT_FIRMWARE: MPU6050 Read Failed[0m
[0;32mI (90047) IOT_FIRMWARE: Data Sent: {"temp":25.600000381469727,"hum":60.200000762939453,"accel_x":0,"accel_y":0}[0m
[1;31mE (92047) IOT_FIRMWARE: MPU6050 Read Failed[0m
[0;32mI (92677) IOT_FIRMWARE: Data Sent: {"temp":25.200000762939453,"hum":60.299999237060547,"accel_x":0,"accel_y":0}[0m
[1;31mE (94687) IOT_FIRMWARE: MPU6050 Read Failed[0m
[0;32mI (94757) IOT_FIRMWARE: Data Sent: {"temp":25,"hum":60.9000015258789,"accel_x":0,"accel_y":0}[0m
[1;31mE (96767) IOT_FIRMWARE: MPU6050 Read Failed[0m
[0;32mI (97487) IOT_FIRMWARE: Data Sent: {"temp":25.899999618530273,"hum":60.5,"accel_x":0,"accel_y":0}[0m
[1;31mE (99497) IOT_FIRMWARE: MPU6050 Read Failed[0m
[0;32mI (99947) IOT_FIRMWARE: Data Sent: {"temp":25.5,"hum":60.9000015258789,"accel_x":0,"accel_y":0}[0m
[1;31mE (101957) IOT_FIRMWARE: MPU6050 Read Failed[0m
[0;32mI (102037) IOT_FIRMWARE: Data Sent: {"temp":25.700000762939453,"hum":60.9000015258789,"accel_x":0,"accel_y":0}[0m
[1;31mE (104047) IOT_FIRMWARE: MPU6050 Read Failed[0m
[0;32mI (104657) IOT_FIRMWARE: Data Sent: {"temp":25.700000762939453,"hum":60.4000015258789,"accel_x":0,"accel_y":0}[0m
