Command: C:\Espressif\python_env\idf5.5_py3.13_env\Scripts\python.exe C:\Espressif\frameworks\esp-idf-v5.5.2-2\tools/idf_monitor.py -p COM5 -b 115200 --toolchain-prefix xtensa-esp32-elf- --target esp32 --revision 0 C:\Users\karth\OneDrive\Desktop\edge-ai-iot-monitor\firmware\build\iot_monitor.elf C:\Users\karth\OneDrive\Desktop\edge-ai-iot-monitor\firmware\build\edge-ai-iot-monitor.elf C:\Users\karth\OneDrive\Desktop\edge-ai-iot-monitor\firmware\build\bootloader\bootloader.elf --force-color -m 'C:\Espressif\python_env\idf5.5_py3.13_env\Scripts\python.exe' 'C:\Espressif\frameworks\esp-idf-v5.5.2-2\tools\idf.py' '-p' 'COM5'
QRï¿½H(
Bï¿½ï¿½Jï¿½ï¿½Ñ¹esp3ï¿½ets Jul 29 2019 12:21:46

rst:0x1 (POWERON_RESET),boot:0x13 (SPI_FAST_FLASH_BOOT)
configsip: 0, SPIWP:0xee
clk_drv:0x00,q_drv:0x00,d_drv:0x00,cs0_drv:0x00,hd_drv:0x00,wp_drv:0x00
mode:DIO, clock div:2
load:0x3fff0030,len:6384
load:0x40078000,len:15916
load:0x40080400,len:3920
entry 0x40080644
[0;32mI (27) boot: ESP-IDF v5.5.2-2-gf83622dfa-dirty 2nd stage bootloader[0m
[0;32mI (27) boot: compile time Feb  3 2026 20:56:52[0m
[0;32mI (28) boot: Multicore bootloader[0m
[0;32mI (30) boot: chip revision: v3.1[0m
[0;32mI (33) boot.esp32: SPI Speed      : 40MHz[0m
[0;32mI (37) boot.esp32: SPI Mode       : DIO[0m
[0;32mI (40) boot.esp32: SPI Flash Size : 2MB[0m
[0;32mI (44) boot: Enabling RNG early entropy source...[0m
[0;32mI (49) boot: Partition Table:[0m
[0;32mI (51) boot: ## Label            Usage          Type ST Offset   Length[0m
[0;32mI (57) boot:  0 nvs              WiFi data        01 02 00009000 00006000[0m
[0;32mI (64) boot:  1 phy_init         RF data          01 01 0000f000 00001000[0m
[0;32mI (71) boot:  2 factory          factory app      00 00 00010000 00100000[0m
[0;32mI (77) boot: End of partition table[0m
[0;32mI (80) esp_image: segment 0: paddr=00010020 vaddr=3f400020 size=1e5e4h (124388) map[0m
[0;32mI (130) esp_image: segment 1: paddr=0002e60c vaddr=3ffb0000 size=01a0ch (  6668) load[0m
[0;32mI (133) esp_image: segment 2: paddr=00030020 vaddr=400d0020 size=a0dc4h (658884) map[0m
[0;32mI (359) esp_image: segment 3: paddr=000d0dec vaddr=3ffb1a0c size=02528h (  9512) load[0m
[0;32mI (363) esp_image: segment 4: paddr=000d331c vaddr=40080000 size=17ff0h ( 98288) load[0m
[0;32mI (402) esp_image: segment 5: paddr=000eb314 vaddr=50000000 size=00020h (    32) load[0m
[0;32mI (413) boot: Loaded app from partition at offset 0x10000[0m
[0;32mI (414) boot: Disabling RNG early entropy source...[0m
[0;32mI (424) cpu_start: Multicore app[0m
[0;32mI (432) cpu_start: GPIO 3 and 1 are used as console UART I/O pins[0m
[0;32mI (433) cpu_start: Pro cpu start user code[0m
[0;32mI (433) cpu_start: cpu freq: 160000000 Hz[0m
[0;32mI (434) app_init: Application information:[0m
[0;32mI (438) app_init: Project name:     iot_monitor[0m
[0;32mI (442) app_init: App version:      6498c78-dirty[0m
[0;32mI (447) app_init: Compile time:     Feb  7 2026 11:10:28[0m
[0;32mI (452) app_init: ELF file SHA256:  ffab2c002...[0m
[0;32mI (456) app_init: ESP-IDF:          v5.5.2-2-gf83622dfa-dirty[0m
[0;32mI (462) efuse_init: Min chip rev:     v0.0[0m
[0;32mI (466) efuse_init: Max chip rev:     v3.99 [0m
[0;32mI (470) efuse_init: Chip rev:         v3.1[0m
[0;32mI (474) heap_init: Initializing. RAM available for dynamic allocation:[0m
[0;32mI (480) heap_init: At 3FFAE6E0 len 00001920 (6 KiB): DRAM[0m
[0;32mI (485) heap_init: At 3FFB8838 len 000277C8 (157 KiB): DRAM[0m
[0;32mI (490) heap_init: At 3FFE0440 len 00003AE0 (14 KiB): D/IRAM[0m
[0;32mI (495) heap_init: At 3FFE4350 len 0001BCB0 (111 KiB): D/IRAM[0m
[0;32mI (501) heap_init: At 40098000 len 00008000 (32 KiB): IRAM[0m
[0;33mW (508) spi_flash: Detected boya flash chip but using generic driver. For optimal functionality, enable `SPI_FLASH_SUPPORT_BOYA_CHIP` in menuconfig[0m
[0;32mI (519) spi_flash: detected chip: generic[0m
[0;32mI (523) spi_flash: flash io: dio[0m
[0;33mW (526) spi_flash: Detected size(4096k) larger than the size in the binary image header(2048k). Using the size in the binary image header.[0m
[0;32mI (539) main_task: Started on CPU0[0m
[0;32mI (549) main_task: Calling app_main()[0m
[0;32mI (579) wifi:wifi driver task: 3ffc08a8, prio:23, stack:6656, core=0[0m
[0;32mI (589) wifi:wifi firmware version: ee91c8c[0m
[0;32mI (589) wifi:wifi certification version: v7.0[0m
[0;32mI (589) wifi:config NVS flash: enabled[0m
[0;32mI (589) wifi:config nano formatting: disabled[0m
[0;32mI (589) wifi:Init data frame dynamic rx buffer num: 32[0m
[0;32mI (599) wifi:Init static rx mgmt buffer num: 5[0m
[0;32mI (599) wifi:Init management short buffer num: 32[0m
[0;32mI (609) wifi:Init dynamic tx buffer num: 32[0m
[0;32mI (609) wifi:Init static rx buffer size: 1600[0m
[0;32mI (619) wifi:Init static rx buffer num: 10[0m
[0;32mI (619) wifi:Init dynamic rx buffer num: 32[0m
[0;32mI (619) wifi_init: rx ba win: 6[0m
[0;32mI (629) wifi_init: accept mbox: 6[0m
[0;32mI (629) wifi_init: tcpip mbox: 32[0m
[0;32mI (629) wifi_init: udp mbox: 6[0m
[0;32mI (639) wifi_init: tcp mbox: 6[0m
[0;32mI (639) wifi_init: tcp tx win: 5760[0m
[0;32mI (639) wifi_init: tcp rx win: 5760[0m
[0;32mI (639) wifi_init: tcp mss: 1440[0m
[0;32mI (649) wifi_init: WiFi IRAM OP enabled[0m
[0;32mI (649) wifi_init: WiFi RX IRAM OP enabled[0m
[0;33mW (659) wifi:Password length matches WPA2 standards, authmode threshold changes from OPEN to WPA2[0m
[0;32mI (679) phy_init: phy_version 4863,a3a4459,Oct 28 2025,14:30:06[0m
[0;32mI (769) wifi:mode : sta (28:56:2f:77:a4:9c)[0m
[0;32mI (769) wifi:enable tsf[0m
