Command: C:\Espressif\python_env\idf5.5_py3.13_env\Scripts\python.exe C:\Espressif\frameworks\esp-idf-v5.5.2-2\tools/idf_monitor.py -p COM5 -b 115200 --toolchain-prefix xtensa-esp32-elf- --target esp32 --revision 0 C:\Users\karth\OneDrive\Desktop\edge-ai-iot-monitor\firmware\build\edge-ai-iot-monitor.elf C:\Users\karth\OneDrive\Desktop\edge-ai-iot-monitor\firmware\build\bootloader\bootloader.elf --force-color -m 'C:\Espressif\python_env\idf5.5_py3.13_env\Scripts\python.exe' 'C:\Espressif\frameworks\esp-idf-v5.5.2-2\tools\idf.py' '-p' 'COM5' '-b' '115200'
Rï¿½H(
Bï¿½ï¿½Jï¿½ï¿½Ñ¹esp32: SPI ï¿½ets Jul 29 2019 12:21:46

rst:0x1 (POWERON_RESET),boot:0x13 (SPI_FAST_FLASH_BOOT)
configsip: 0, SPIWP:0xee
clk_drv:0x00,q_drv:0x00,d_drv:0x00,cs0_drv:0x00,hd_drv:0x00,wp_drv:0x00
mode:DIO, clock div:2
load:0x3fff0030,len:6384
load:0x40078000,len:15916
load:0x40080400,len:3920
entry 0x40080644
[0;32mI (27) boot: ESP-IDF v5.5.2-2-gf83622dfa-dirty 2nd stage bootloader[0m
[0;32mI (27) boot: compile time Feb  3 2026 20:56:52[0m
[0;32mI (28) boot: Multicore bootloader[0m
[0;32mI (30) boot: chip revision: v3.1[0m
[0;32mI (33) boot.esp32: SPI Speed      : 40MHz[0m
[0;32mI (37) boot.esp32: SPI Mode       : DIO[0m
[0;32mI (40) boot.esp32: SPI Flash Size : 2MB[0m
[0;32mI (44) boot: Enabling RNG early entropy source...[0m
[0;32mI (49) boot: Partition Table:[0m
[0;32mI (51) boot: ## Label            Usage          Type ST Offset   Length[0m
[0;32mI (57) boot:  0 nvs              WiFi data        01 02 00009000 00006000[0m
[0;32mI (64) boot:  1 phy_init         RF data          01 01 0000f000 00001000[0m
[0;32mI (71) boot:  2 factory          factory app      00 00 00010000 00100000[0m
[0;32mI (77) boot: End of partition table[0m
[0;32mI (80) esp_image: segment 0: paddr=00010020 vaddr=3f400020 size=09a34h ( 39476) map[0m
[0;32mI (101) esp_image: segment 1: paddr=00019a5c vaddr=3ffb0000 size=02400h (  9216) load[0m
[0;32mI (105) esp_image: segment 2: paddr=0001be64 vaddr=40080000 size=041b4h ( 16820) load[0m
[0;32mI (112) esp_image: segment 3: paddr=00020020 vaddr=400d0020 size=0f5b0h ( 62896) map[0m
[0;32mI (134) esp_image: segment 4: paddr=0002f5d8 vaddr=400841b4 size=08e08h ( 36360) load[0m
[0;32mI (149) esp_image: segment 5: paddr=000383e8 vaddr=50000000 size=00020h (    32) load[0m
[0;32mI (155) boot: Loaded app from partition at offset 0x10000[0m
[0;32mI (155) boot: Disabling RNG early entropy source...[0m
[0;32mI (167) cpu_start: Multicore app[0m
[0;32mI (175) cpu_start: GPIO 3 and 1 are used as console UART I/O pins[0m
[0;32mI (175) cpu_start: Pro cpu start user code[0m
[0;32mI (175) cpu_start: cpu freq: 160000000 Hz[0m
[0;32mI (177) app_init: Application information:[0m
[0;32mI (181) app_init: Project name:     edge-ai-iot-monitor[0m
[0;32mI (186) app_init: App version:      6498c78-dirty[0m
[0;32mI (190) app_init: Compile time:     Feb  4 2026 20:26:08[0m
[0;32mI (195) app_init: ELF file SHA256:  650e805bb...[0m
[0;32mI (200) app_init: ESP-IDF:          v5.5.2-2-gf83622dfa-dirty[0m
[0;32mI (205) efuse_init: Min chip rev:     v0.0[0m
[0;32mI (209) efuse_init: Max chip rev:     v3.99 [0m
[0;32mI (213) efuse_init: Chip rev:         v3.1[0m
[0;32mI (217) heap_init: Initializing. RAM available for dynamic allocation:[0m
[0;32mI (223) heap_init: At 3FFAE6E0 len 00001920 (6 KiB): DRAM[0m
[0;32mI (228) heap_init: At 3FFB2CC8 len 0002D338 (180 KiB): DRAM[0m
[0;32mI (233) heap_init: At 3FFE0440 len 00003AE0 (14 KiB): D/IRAM[0m
[0;32mI (239) heap_init: At 3FFE4350 len 0001BCB0 (111 KiB): D/IRAM[0m
[0;32mI (244) heap_init: At 4008CFBC len 00013044 (76 KiB): IRAM[0m
[0;33mW (251) spi_flash: Detected boya flash chip but using generic driver. For optimal functionality, enable `SPI_FLASH_SUPPORT_BOYA_CHIP` in menuconfig[0m
[0;32mI (263) spi_flash: detected chip: generic[0m
[0;32mI (266) spi_flash: flash io: dio[0m
[0;33mW (269) spi_flash: Detected size(4096k) larger than the size in the binary image header(2048k). Using the size in the binary image header.[0m
[0;32mI (282) main_task: Started on CPU0[0m
[0;32mI (292) main_task: Calling app_main()[0m
[0;32mI (312) DHT_SENSOR: Sensor Live! Temp: 27.5, Hum: 60.2[0m
[1;31mE (2332) DHT_SENSOR: Sensor Timeout - Check Wiring[0m
[1;31mE (4352) DHT_SENSOR: Sensor Timeout - Check Wiring[0m
[1;31mE (6372) DHT_SENSOR: Sensor Timeout - Check Wiring[0m
[1;31mE (8392) DHT_SENSOR: Sensor Timeout - Check Wiring[0m
[0;32mI (10412) DHT_SENSOR: Sensor Live! Temp: 27.5, Hum: 60.2[0m
[0;32mI (12432) DHT_SENSOR: Sensor Live! Temp: 27.5, Hum: 60.2[0m
[0;32mI (14452) DHT_SENSOR: Sensor Live! Temp: 27.5, Hum: 60.2[0m
[0;32mI (16472) DHT_SENSOR: Sensor Live! Temp: 27.5, Hum: 60.2[0m
[0;32mI (18492) DHT_SENSOR: Sensor Live! Temp: 27.5, Hum: 60.2[0m
[0;32mI (20512) DHT_SENSOR: Sensor Live! Temp: 27.5, Hum: 60.2[0m
[0;32mI (22532) DHT_SENSOR: Sensor Live! Temp: 27.5, Hum: 60.2[0m
[0;32mI (24552) DHT_SENSOR: Sensor Live! Temp: 27.5, Hum: 60.2[0m
[0;32mI (26572) DHT_SENSOR: Sensor Live! Temp: 27.5, Hum: 60.2[0m
[0;32mI (28592) DHT_SENSOR: Sensor Live! Temp: 27.5, Hum: 60.2[0m
[0;32mI (30612) DHT_SENSOR: Sensor Live! Temp: 27.5, Hum: 60.2[0m
[0;32mI (32632) DHT_SENSOR: Sensor Live! Temp: 27.5, Hum: 60.2[0m
[0;32mI (34652) DHT_SENSOR: Sensor Live! Temp: 27.5, Hum: 60.2[0m
[0;32mI (36672) DHT_SENSOR: Sensor Live! Temp: 27.5, Hum: 60.2[0m
[0;32mI (38692) DHT_SENSOR: Sensor Live! Temp: 27.5, Hum: 60.2[0m
[0;32mI (40712) DHT_SENSOR: Sensor Live! Temp: 27.5, Hum: 60.2[0m
[0;32mI (42732) DHT_SENSOR: Sensor Live! Temp: 27.5, Hum: 60.2[0m
[0;32mI (44752) DHT_SENSOR: Sensor Live! Temp: 27.5, Hum: 60.2[0m
[0;32mI (46772) DHT_SENSOR: Sensor Live! Temp: 27.5, Hum: 60.2[0m
[0;32mI (48792) DHT_SENSOR: Sensor Live! Temp: 27.5, Hum: 60.2[0m
[0;32mI (50812) DHT_SENSOR: Sensor Live! Temp: 27.5, Hum: 60.2[0m
[0;32mI (52832) DHT_SENSOR: Sensor Live! Temp: 27.5, Hum: 60.2[0m
[0;32mI (54852) DHT_SENSOR: Sensor Live! Temp: 27.5, Hum: 60.2[0m
[0;32mI (56872) DHT_SENSOR: Sensor Live! Temp: 27.5, Hum: 60.2[0m
[0;32mI (58892) DHT_SENSOR: Sensor Live! Temp: 27.5, Hum: 60.2[0m
[0;32mI (60912) DHT_SENSOR: Sensor Live! Temp: 27.5, Hum: 60.2[0m
[0;32mI (62932) DHT_SENSOR: Sensor Live! Temp: 27.5, Hum: 60.2[0m
[0;32mI (64952) DHT_SENSOR: Sensor Live! Temp: 27.5, Hum: 60.2[0m
[0;32mI (66972) DHT_SENSOR: Sensor Live! Temp: 27.5, Hum: 60.2[0m
[0;32mI (68992) DHT_SENSOR: Sensor Live! Temp: 27.5, Hum: 60.2[0m
[0;32mI (71012) DHT_SENSOR: Sensor Live! Temp: 27.5, Hum: 60.2[0m
[0;32mI (73032) DHT_SENSOR: Sensor Live! Temp: 27.5, Hum: 60.2[0m
[0;32mI (75052) DHT_SENSOR: Sensor Live! Temp: 27.5, Hum: 60.2[0m
[0;32mI (77072) DHT_SENSOR: Sensor Live! Temp: 27.5, Hum: 60.2[0m
[0;32mI (79092) DHT_SENSOR: Sensor Live! Temp: 27.5, Hum: 60.2[0m
[0;32mI (81112) DHT_SENSOR: Sensor Live! Temp: 27.5, Hum: 60.2[0m
[0;32mI (83132) DHT_SENSOR: Sensor Live! Temp: 27.5, Hum: 60.2[0m
[0;32mI (85152) DHT_SENSOR: Sensor Live! Temp: 27.5, Hum: 60.2[0m
[0;32mI (87172) DHT_SENSOR: Sensor Live! Temp: 27.5, Hum: 60.2[0m
[0;32mI (89192) DHT_SENSOR: Sensor Live! Temp: 27.5, Hum: 60.2[0m
[0;32mI (91212) DHT_SENSOR: Sensor Live! Temp: 27.5, Hum: 60.2[0m
[0;32mI (93232) DHT_SENSOR: Sensor Live! Temp: 27.5, Hum: 60.2[0m
[0;32mI (95252) DHT_SENSOR: Sensor Live! Temp: 27.5, Hum: 60.2[0m
[0;32mI (97272) DHT_SENSOR: Sensor Live! Temp: 27.5, Hum: 60.2[0m
[0;32mI (99292) DHT_SENSOR: Sensor Live! Temp: 27.5, Hum: 60.2[0m
[0;32mI (101312) DHT_SENSOR: Sensor Live! Temp: 27.5, Hum: 60.2[0m
[0;32mI (103332) DHT_SENSOR: Sensor Live! Temp: 27.5, Hum: 60.2[0m
