Command: C:\Espressif\python_env\idf5.5_py3.13_env\Scripts\python.exe C:\Espressif\frameworks\esp-idf-v5.5.2-2\tools/idf_monitor.py -p COM5 -b 115200 --toolchain-prefix xtensa-esp32-elf- --target esp32 --revision 0 C:\Users\karth\OneDrive\Desktop\edge-ai-iot-monitor\firmware\build\edge-ai-iot-monitor.elf C:\Users\karth\OneDrive\Desktop\edge-ai-iot-monitor\firmware\build\bootloader\bootloader.elf --force-color -m 'C:\Espressif\python_env\idf5.5_py3.13_env\Scripts\python.exe' 'C:\Espressif\frameworks\esp-idf-v5.5.2-2\tools\idf.py' '-p' 'COM5' '-b' '115200'
ï¿½H(
Bï¿½ï¿½Jï¿½ï¿½Ñ¹esp32: SPI Flasï¿½ets Jul 29 2019 12:21:46

rst:0x1 (POWERON_RESET),boot:0x13 (SPI_FAST_FLASH_BOOT)
configsip: 0, SPIWP:0xee
clk_drv:0x00,q_drv:0x00,d_drv:0x00,cs0_drv:0x00,hd_drv:0x00,wp_drv:0x00
mode:DIO, clock div:2
load:0x3fff0030,len:6384
load:0x40078000,len:15916
load:0x40080400,len:3920
entry 0x40080644
[0;32mI (27) boot: ESP-IDF v5.5.2-2-gf83622dfa-dirty 2nd stage bootloader[0m
[0;32mI (27) boot: compile time Feb  3 2026 20:56:52[0m
[0;32mI (28) boot: Multicore bootloader[0m
[0;32mI (30) boot: chip revision: v3.1[0m
[0;32mI (33) boot.esp32: SPI Speed      : 40MHz[0m
[0;32mI (37) boot.esp32: SPI Mode       : DIO[0m
[0;32mI (40) boot.esp32: SPI Flash Size : 2MB[0m
[0;32mI (44) boot: Enabling RNG early entropy source...[0m
[0;32mI (49) boot: Partition Table:[0m
[0;32mI (51) boot: ## Label            Usage          Type ST Offset   Length[0m
[0;32mI (57) boot:  0 nvs              WiFi data        01 02 00009000 00006000[0m
[0;32mI (64) boot:  1 phy_init         RF data          01 01 0000f000 00001000[0m
[0;32mI (71) boot:  2 factory          factory app      00 00 00010000 00100000[0m
[0;32mI (77) boot: End of partition table[0m
[0;32mI (80) esp_image: segment 0: paddr=00010020 vaddr=3f400020 size=09a34h ( 39476) map[0m
[0;32mI (101) esp_image: segment 1: paddr=00019a5c vaddr=3ffb0000 size=02400h (  9216) load[0m
[0;32mI (105) esp_image: segment 2: paddr=0001be64 vaddr=40080000 size=041b4h ( 16820) load[0m
[0;32mI (112) esp_image: segment 3: paddr=00020020 vaddr=400d0020 size=0f5b0h ( 62896) map[0m
[0;32mI (134) esp_image: segment 4: paddr=0002f5d8 vaddr=400841b4 size=08e08h ( 36360) load[0m
[0;32mI (149) esp_image: segment 5: paddr=000383e8 vaddr=50000000 size=00020h (    32) load[0m
[0;32mI (155) boot: Loaded app from partition at offset 0x10000[0m
[0;32mI (155) boot: Disabling RNG early entropy source...[0m
[0;32mI (167) cpu_start: Multicore app[0m
[0;32mI (175) cpu_start: GPIO 3 and 1 are used as console UART I/O pins[0m
[0;32mI (175) cpu_start: Pro cpu start user code[0m
[0;32mI (175) cpu_start: cpu freq: 160000000 Hz[0m
[0;32mI (177) app_init: Application information:[0m
[0;32mI (181) app_init: Project name:     edge-ai-iot-monitor[0m
[0;32mI (186) app_init: App version:      6498c78-dirty[0m
[0;32mI (190) app_init: Compile time:     Feb  4 2026 20:26:08[0m
[0;32mI (195) app_init: ELF file SHA256:  650e805bb...[0m
[0;32mI (200) app_init: ESP-IDF:          v5.5.2-2-gf83622dfa-dirty[0m
[0;32mI (205) efuse_init: Min chip rev:     v0.0[0m
[0;32mI (209) efuse_init: Max chip rev:     v3.99 [0m
[0;32mI (213) efuse_init: Chip rev:         v3.1[0m
[0;32mI (217) heap_init: Initializing. RAM available for dynamic allocation:[0m
[0;32mI (223) heap_init: At 3FFAE6E0 len 00001920 (6 KiB): DRAM[0m
[0;32mI (228) heap_init: At 3FFB2CC8 len 0002D338 (180 KiB): DRAM[0m
[0;32mI (233) heap_init: At 3FFE0440 len 00003AE0 (14 KiB): D/IRAM[0m
[0;32mI (239) heap_init: At 3FFE4350 len 0001BCB0 (111 KiB): D/IRAM[0m
[0;32mI (244) heap_init: At 4008CFBC len 00013044 (76 KiB): IRAM[0m
[0;33mW (251) spi_flash: Detected boya flash chip but using generic driver. For optimal functionality, enable `SPI_FLASH_SUPPORT_BOYA_CHIP` in menuconfig[0m
[0;32mI (263) spi_flash: detected chip: generic[0m
[0;32mI (266) spi_flash: flash io: dio[0m
[0;33mW (269) spi_flash: Detected size(4096k) larger than the size in the binary image header(2048k). Using the size in the binary image header.[0m
[0;32mI (282) main_task: Started on CPU0[0m
[0;32mI (292) main_task: Calling app_main()[0m
[0;32mI (312) DHT_SENSOR: Sensor Live! Temp: 27.5, Hum: 60.2[0m
[1;31mE (2332) DHT_SENSOR: Sensor Timeout - Check Wiring[0m
[1;31mE (4352) DHT_SENSOR: Sensor Timeout - Check Wiring[0m
[1;31mE (6372) DHT_SENSOR: Sensor Timeout - Check Wiring[0m
[1;31mE (8392) DHT_SENSOR: Sensor Timeout - Check Wiring[0m
[1;31mE (10412) DHT_SENSOR: Sensor Timeout - Check Wiring[0m
[1;31mE (12432) DHT_SENSOR: Sensor Timeout - Check Wiring[0m
ets Jul 29 2019 12:21:46

rst:0x8 (TG1WDT_SYS_RESET),boot:0x13 (SPI_FAST_FLASH_BOOT)
invalid header: 0x00000000
invalid header: 0x00000000
invalid header: 0x00000000
invalid header: 0x00000000
invalid header: 0x00000000
invalid header: 0x00000000
invalid header: 0x00000000
invalid header: 0x00000000
invalid header: 0x00000000
invalid header: 0x00000000
invalid header: 0x00000000
invalid header: 0x00000000
invalid header: 0x00000000
invalid header: 0x00000000
ets Jul 29 2019 12:21:46

rst:0x7 (TG0WDT_SYS_RESET),boot:0x13 (SPI_FAST_FLASH_BOOT)
invalid header: 0x00000000
invalid header: 0x00000000
invalid header: 0x00000000
invalid header: 0x00000000
invalid header: 0x00000000
invalid header: 0x00000000
invalid header: 0x00000000
invalid header: 0x00000000
invalid header: 0x00000000
invalid header: 0x00000000
invalid header: 0x00000000
invalid header: 0x00000000
invalid header: 0x00000000
invalid header: 0x00000000
ets Jul 29 2019 12:21:46

rst:0x7 (TG0WDT_SYS_RESET),boot:0x13 (SPI_FAST_FLASH_BOOT)
invalid header: 0x00000000
invalid header: 0x00000000
invalid header: 0x00000000
invalid header: 0x00000000
invalid header: 0x00000000
invalid header: 0x00000000
invalid header: 0x00000000
invalid header: 0x00000000
invalid header: 0x00000000
invalid header: 0x00000000
invalid header: 0x00000000
invalid header: 0x00000000
invalid header: 0x00000000
invalid header: 0x00000000
ets Jul 29 2019 12:21:46

rst:0x7 (TG0WDT_SYS_RESET),boot:0x13 (SPI_FAST_FLASH_BOOT)
invalid header: 0x00000000
invalid header: 0x00000000
invalid header: 0x00000000
invalid header: 0x00000000
invalid header: 0x00000000
invalid header: 0x00000000
invalid header: 0x00000000
invalid header: 0x00000000
invalid header: 0x00000000
invalid header: 0x00000000
invalid header: 0x00000000
invalid header: 0x00000000
invalid header: 0x00000000
invalid header: 0x00000000
ets Jul 29 2019 12:21:46

rst:0x7 (TG0WDT_SYS_RESET),boot:0x13 (SPI_FAST_FLASH_BOOT)
invalid header: 0x00000000
invalid header: 0x00000000
invalid header: 0x00000000
invalid header: 0x00000000
invalid header: 0x00000000
invalid header: 0x00000000
invalid header: 0x00000000
invalid header: 0x00000000
invalid header: 0x00000000
invalid header: 0x00000000
invalid header: 0x00000000
invalid header: 0x00000000
invalid header: 0x00000000
invalid header: 0x00000000
ets Jul 29 2019 12:21:46

rst:0x7 (TG0WDT_SYS_RESET),boot:0x13 (SPI_FAST_FLASH_BOOT)
invalid header: 0x00000000
invalid header: 0x00000000
invalid header: 0x00000000
invalid header: 0x00000000
invalid header: 0x00000000
invalid header: 0x00000000
flash read err, 988
ets_main.c 384 
ets Jul 29 2019 12:21:46

rst:0x7 (TG0WDT_SYS_RESET),boot:0x13 (SPI_FAST_FLASH_BOOT)
configsip: 0, SPIWP:0xee
clk_drv:0x00,q_drv:0x00,d_drv:0x00,cs0_drv:0x00,hd_drv:0x00,wp_drv:0x00
mode:DIO, clock div:2
load:0x3fff0030,len:6384
load:0x40078000,len:15916
load:0x40080400,len:3920
entry 0x40080644
[0;32mI (54) boot: ESP-IDF v5.5.2-2-gf83622dfa-dirty 2nd stage bootloader[0m
[0;32mI (54) boot: compile time Feb  3 2026 20:56:52[0m
[0;32mI (54) boot: Multicore bootloader[0m
[0;32mI (58) boot: chip revision: v3.1[0m
[0;32mI (61) boot.esp32: SPI Speed      : 40MHz[0m
[0;32mI (64) boot.esp32: SPI Mode       : DIO[0m
[0;32mI (68) boot.esp32: SPI Flash Size : 2MB[0m
[0;33mW (71) boot.esp32: PRO CPU has been reset by WDT[0m
[0;33mW (76) boot.esp32: WDT rst info: PRO CPU PC=0x4008cea0[0m
[0;33mW (81) boot.esp32: WDT rst info: APP CPU PC=0x40083ae2[0m
[0;32mI (86) boot: Enabling RNG early entropy source...[0m
[0;32mI (90) boot: Partition Table:[0m
[0;32mI (93) boot: ## Label            Usage          Type ST Offset   Length[0m
[0;32mI (99) boot:  0 nvs              WiFi data        01 02 00009000 00006000[0m
[0;32mI (105) boot:  1 phy_init         RF data          01 01 0000f000 00001000[0m
[0;32mI (112) boot:  2 factory          factory app      00 00 00010000 00100000[0m
[0;32mI (119) boot: End of partition table[0m
[0;32mI (122) esp_image: segment 0: paddr=00010020 vaddr=3f400020 size=09a34h ( 39476) map[0m
[0;32mI (143) esp_image: segment 1: paddr=00019a5c vaddr=3ffb0000 size=02400h (  9216) load[0m
[0;32mI (147) esp_image: segment 2: paddr=0001be64 vaddr=40080000 size=041b4h ( 16820) load[0m
[0;32mI (154) esp_image: segment 3: paddr=00020020 vaddr=400d0020 size=0f5b0h ( 62896) map[0m
[0;32mI (176) esp_image: segment 4: paddr=0002f5d8 vaddr=400841b4 size=08e08h ( 36360) load[0m
[0;32mI (190) esp_image: segment 5: paddr=000383e8 vaddr=50000000 size=00020h (    32) load[0m
[0;32mI (197) boot: Loaded app from partition at offset 0x10000[0m
[0;32mI (197) boot: Disabling RNG early entropy source...[0m
[0;32mI (209) cpu_start: Multicore app[0m
[0;32mI (217) cpu_start: GPIO 3 and 1 are used as console UART I/O pins[0m
[0;32mI (217) cpu_start: Pro cpu start user code[0m
[0;32mI (217) cpu_start: cpu freq: 160000000 Hz[0m
[0;32mI (219) app_init: Application information:[0m
[0;32mI (223) app_init: Project name:     edge-ai-iot-monitor[0m
[0;32mI (228) app_init: App version:      6498c78-dirty[0m
[0;32mI (232) app_init: Compile time:     Feb  4 2026 20:26:08[0m
[0;32mI (237) app_init: ELF file SHA256:  650e805bb...[0m
[0;32mI (241) app_init: ESP-IDF:          v5.5.2-2-gf83622dfa-dirty[0m
[0;32mI (247) efuse_init: Min chip rev:     v0.0[0m
[0;32mI (251) efuse_init: Max chip rev:     v3.99 [0m
[0;32mI (255) efuse_init: Chip rev:         v3.1[0m
[0;32mI (259) heap_init: Initializing. RAM available for dynamic allocation:[0m
[0;32mI (265) heap_init: At 3FFAE6E0 len 00001920 (6 KiB): DRAM[0m
[0;32mI (270) heap_init: At 3FFB2CC8 len 0002D338 (180 KiB): DRAM[0m
[0;32mI (275) heap_init: At 3FFE0440 len 00003AE0 (14 KiB): D/IRAM[0m
[0;32mI (281) heap_init: At 3FFE4350 len 0001BCB0 (111 KiB): D/IRAM[0m
[0;32mI (286) heap_init: At 4008CFBC len 00013044 (76 KiB): IRAM[0m
[0;33mW (293) spi_flash: Detected boya flash chip but using generic driver. For optimal functionality, enable `SPI_FLASH_SUPPORT_BOYA_CHIP` in menuconfig[0m
[0;32mI (304) spi_flash: detected chip: generic[0m
[0;32mI (308) spi_flash: flash io: dio[0m
[0;33mW (311) spi_flash: Detected size(4096k) larger than the size in the binary image header(2048k). Using the size in the binary image header.[0m
[0;32mI (324) main_task: Started on CPU0[0m
[0;32mI (334) main_task: Calling app_main()[0m
[0;32mI (354) DHT_SENSOR: Sensor Live! Temp: 27.5, Hum: 60.2[0m
[1;31mE (2374) DHT_SENSOR: Sensor Timeout - Check Wiring[0m
[1;31mE (4394) DHT_SENSOR: Sensor Timeout - Check Wiring[0m
[1;31mE (6414) DHT_SENSOR: Sensor Timeout - Check Wiring[0m
[1;31mE (8434) DHT_SENSOR: Sensor Timeout - Check Wiring[0m
[1;31mE (10454) DHT_SENSOR: Sensor Timeout - Check Wiring[0m
[1;31mE (12474) DHT_SENSOR: Sensor Timeout - Check Wiring[0m
[1;31mE (14494) DHT_SENSOR: Sensor Timeout - Check Wiring[0m
[1;31mE (16514) DHT_SENSOR: Sensor Timeout - Check Wiring[0m
[1;31mE (18534) DHT_SENSOR: Sensor Timeout - Check Wiring[0m
[0;32mI (20554) DHT_SENSOR: Sensor Live! Temp: 27.5, Hum: 60.2[0m
[0;32mI (22574) DHT_SENSOR: Sensor Live! Temp: 27.5, Hum: 60.2[0m
[0;32mI (24594) DHT_SENSOR: Sensor Live! Temp: 27.5, Hum: 60.2[0m
[0;32mI (26614) DHT_SENSOR: Sensor Live! Temp: 27.5, Hum: 60.2[0m
[0;32mI (28634) DHT_SENSOR: Sensor Live! Temp: 27.5, Hum: 60.2[0m
[0;32mI (30654) DHT_SENSOR: Sensor Live! Temp: 27.5, Hum: 60.2[0m
[0;32mI (32674) DHT_SENSOR: Sensor Live! Temp: 27.5, Hum: 60.2[0m
[1;31mE (34694) DHT_SENSOR: Sensor Timeout - Check Wiring[0m
[0;32mI (36714) DHT_SENSOR: Sensor Live! Temp: 27.5, Hum: 60.2[0m
[0;32mI (38734) DHT_SENSOR: Sensor Live! Temp: 27.5, Hum: 60.2[0m
[0;32mI (40754) DHT_SENSOR: Sensor Live! Temp: 27.5, Hum: 60.2[0m
[0;32mI (42774) DHT_SENSOR: Sensor Live! Temp: 27.5, Hum: 60.2[0m
[0;32mI (44794) DHT_SENSOR: Sensor Live! Temp: 27.5, Hum: 60.2[0m
[0;32mI (46814) DHT_SENSOR: Sensor Live! Temp: 27.5, Hum: 60.2[0m
[0;32mI (48834) DHT_SENSOR: Sensor Live! Temp: 27.5, Hum: 60.2[0m
[0;32mI (50854) DHT_SENSOR: Sensor Live! Temp: 27.5, Hum: 60.2[0m
[0;32mI (52874) DHT_SENSOR: Sensor Live! Temp: 27.5, Hum: 60.2[0m
[0;32mI (54894) DHT_SENSOR: Sensor Live! Temp: 27.5, Hum: 60.2[0m
[0;32mI (56914) DHT_SENSOR: Sensor Live! Temp: 27.5, Hum: 60.2[0m
[0;32mI (58934) DHT_SENSOR: Sensor Live! Temp: 27.5, Hum: 60.2[0m
[0;32mI (60954) DHT_SENSOR: Sensor Live! Temp: 27.5, Hum: 60.2[0m
[0;32mI (62974) DHT_SENSOR: Sensor Live! Temp: 27.5, Hum: 60.2[0m
[0;32mI (64994) DHT_SENSOR: Sensor Live! Temp: 27.5, Hum: 60.2[0m
[0;32mI (67014) DHT_SENSOR: Sensor Live! Temp: 27.5, Hum: 60.2[0m
[0;32mI (69034) DHT_SENSOR: Sensor Live! Temp: 27.5, Hum: 60.2[0m
[0;32mI (71054) DHT_SENSOR: Sensor Live! Temp: 27.5, Hum: 60.2[0m
[0;32mI (73074) DHT_SENSOR: Sensor Live! Temp: 27.5, Hum: 60.2[0m
[0;32mI (75094) DHT_SENSOR: Sensor Live! Temp: 27.5, Hum: 60.2[0m
[0;32mI (77114) DHT_SENSOR: Sensor Live! Temp: 27.5, Hum: 60.2[0m
[0;32mI (79134) DHT_SENSOR: Sensor Live! Temp: 27.5, Hum: 60.2[0m
[0;32mI (81154) DHT_SENSOR: Sensor Live! Temp: 27.5, Hum: 60.2[0m
[0;32mI (83174) DHT_SENSOR: Sensor Live! Temp: 27.5, Hum: 60.2[0m
[0;32mI (85194) DHT_SENSOR: Sensor Live! Temp: 27.5, Hum: 60.2[0m
[0;32mI (87214) DHT_SENSOR: Sensor Live! Temp: 27.5, Hum: 60.2[0m
[0;32mI (89234) DHT_SENSOR: Sensor Live! Temp: 27.5, Hum: 60.2[0m
[0;32mI (91254) DHT_SENSOR: Sensor Live! Temp: 27.5, Hum: 60.2[0m
[0;32mI (93274) DHT_SENSOR: Sensor Live! Temp: 27.5, Hum: 60.2[0m
[0;32mI (95294) DHT_SENSOR: Sensor Live! Temp: 27.5, Hum: 60.2[0m
[0;32mI (97314) DHT_SENSOR: Sensor Live! Temp: 27.5, Hum: 60.2[0m
[0;32mI (99334) DHT_SENSOR: Sensor Live! Temp: 27.5, Hum: 60.2[0m
[0;32mI (101354) DHT_SENSOR: Sensor Live! Temp: 27.5, Hum: 60.2[0m
[0;32mI (103374) DHT_SENSOR: Sensor Live! Temp: 27.5, Hum: 60.2[0m
[0;32mI (105394) DHT_SENSOR: Sensor Live! Temp: 27.5, Hum: 60.2[0m
[0;32mI (107414) DHT_SENSOR: Sensor Live! Temp: 27.5, Hum: 60.2[0m
[0;32mI (109434) DHT_SENSOR: Sensor Live! Temp: 27.5, Hum: 60.2[0m
[0;32mI (111454) DHT_SENSOR: Sensor Live! Temp: 27.5, Hum: 60.2[0m
[0;32mI (113474) DHT_SENSOR: Sensor Live! Temp: 27.5, Hum: 60.2[0m
[0;32mI (115494) DHT_SENSOR: Sensor Live! Temp: 27.5, Hum: 60.2[0m
[0;32mI (117514) DHT_SENSOR: Sensor Live! Temp: 27.5, Hum: 60.2[0m
[0;32mI (119534) DHT_SENSOR: Sensor Live! Temp: 27.5, Hum: 60.2[0m
[0;32mI (121554) DHT_SENSOR: Sensor Live! Temp: 27.5, Hum: 60.2[0m
[0;32mI (123574) DHT_SENSOR: Sensor Live! Temp: 27.5, Hum: 60.2[0m
[0;32mI (125594) DHT_SENSOR: Sensor Live! Temp: 27.5, Hum: 60.2[0m
[0;32mI (127614) DHT_SENSOR: Sensor Live! Temp: 27.5, Hum: 60.2[0m
[0;32mI (129634) DHT_SENSOR: Sensor Live! Temp: 27.5, Hum: 60.2[0m
[0;32mI (131654) DHT_SENSOR: Sensor Live! Temp: 27.5, Hum: 60.2[0m
